******************************************************************************
                  TI ARM Linker PC v5.2.4                      
******************************************************************************
>> Linked Sat Jun 20 22:23:30 2015

OUTPUT FILE NAME:   <PeriodicSysTickInts_MSP432.out>
ENTRY POINT SYMBOL: "_c_int00"  address: 000005b9


MEMORY CONFIGURATION

         name            origin    length      used     unused   attr    fill
----------------------  --------  ---------  --------  --------  ----  --------
  MAIN                  00000000   00040000  00000720  0003f8e0  R  X
  INFO                  00200000   00004000  00000000  00004000  R  X
  SRAM_CODE             01000000   00010000  00000000  00010000  RW X
  SRAM_DATA             20000000   00010000  00000218  0000fde8  RW  


SEGMENT ALLOCATION MAP

run origin  load origin   length   init length attrs members
----------  ----------- ---------- ----------- ----- -------
00000000    00000000    00000720   00000720    r-x
  00000000    00000000    00000144   00000144    r-- .intvecs
  00000144    00000144    000005a4   000005a4    r-x .text
  000006e8    000006e8    00000038   00000038    r-- .cinit
20000000    20000000    00000018   00000000    rw-
  20000000    20000000    00000014   00000000    rw- .data
  20000014    20000014    00000004   00000000    rw- .bss
2000fe00    2000fe00    00000200   00000000    rw-
  2000fe00    2000fe00    00000200   00000000    rw- .stack


SECTION ALLOCATION MAP

 output                                  attributes/
section   page    origin      length       input sections
--------  ----  ----------  ----------   ----------------
.intvecs   0    00000000    00000144     
                  00000000    00000144     msp432_startup_ccs.obj (.intvecs)

.text      0    00000144    000005a4     
                  00000144    00000150     PeriodicSysTickInts.obj (.text)
                  00000294    0000009c     SysTickInts.obj (.text)
                  00000330    0000009c     rtsv7M4_T_le_v4SPD16_eabi.lib : memcpy_t2.obj (.text)
                  000003cc    0000009a     msp432_startup_ccs.obj (.text)
                  00000466    0000007a     rtsv7M4_T_le_v4SPD16_eabi.lib : memset_t2.obj (.text)
                  000004e0    0000006c                                   : autoinit.obj (.text)
                  0000054c    0000006a                                   : copy_decompress_rle.obj (.text)
                  000005b6    00000002     --HOLE-- [fill = 0]
                  000005b8    00000050                                   : boot.obj (.text)
                  00000608    0000004c                                   : cpy_tbl.obj (.text)
                  00000654    00000044                                   : exit.obj (.text)
                  00000698    00000018                                   : args_main.obj (.text)
                  000006b0    00000014                                   : _lock.obj (.text)
                  000006c4    0000000e                                   : copy_decompress_none.obj (.text:decompress:none)
                  000006d2    0000000c                                   : copy_zero_init.obj (.text:decompress:ZI)
                  000006de    00000006                                   : copy_decompress_rle.obj (.text:decompress:rle24)
                  000006e4    00000004                                   : pre_init.obj (.text)

.cinit     0    000006e8    00000038     
                  000006e8    0000000f     (.cinit..data.load) [load image, compression = rle]
                  000006f7    00000001     --HOLE-- [fill = 0]
                  000006f8    0000000c     (__TI_handler_table)
                  00000704    00000004     --HOLE-- [fill = 0]
                  00000708    00000008     (.cinit..bss.load) [load image, compression = zero_init]
                  00000710    00000010     (__TI_cinit_table)

.data      0    20000000    00000014     UNINITIALIZED
                  20000000    00000008     rtsv7M4_T_le_v4SPD16_eabi.lib : _lock.obj (.data)
                  20000008    00000008                                   : exit.obj (.data)
                  20000010    00000004                                   : stkdepth_vars.obj (.data)

.bss       0    20000014    00000004     UNINITIALIZED
                  20000014    00000004     (.common:Counts)

.TI.persistent 
*          0    20000000    00000000     UNINITIALIZED

.TI.noinit 
*          0    20000014    00000000     UNINITIALIZED

.stack     0    2000fe00    00000200     UNINITIALIZED
                  2000fe00    00000200     --HOLE--


LINKER GENERATED COPY TABLES

__TI_cinit_table @ 00000710 records: 2, size/record: 8, table size: 16
	.data: load addr=000006e8, load size=0000000f bytes, run addr=20000000, run size=00000014 bytes, compression=rle
	.bss: load addr=00000708, load size=00000008 bytes, run addr=20000014, run size=00000004 bytes, compression=zero_init


LINKER GENERATED HANDLER TABLE

__TI_handler_table @ 000006f8 records: 3, size/record: 4, table size: 12
	index: 0, handler: __TI_decompress_rle24
	index: 1, handler: __TI_decompress_none
	index: 2, handler: __TI_zero_init


GLOBAL SYMBOLS: SORTED ALPHABETICALLY BY Name 

address   name                    
-------   ----                    
00000421  ADC14_IRQHandler        
00000429  AES256_IRQHandler       
00000655  C$$EXIT                 
000003fd  COMP_E0_IRQHandler      
000003ff  COMP_E1_IRQHandler      
000003f3  CS_IRQHandler           
20000014  Counts                  
0000042d  DMA_ERR_IRQHandler      
00000435  DMA_INT0_IRQHandler     
00000433  DMA_INT1_IRQHandler     
00000431  DMA_INT2_IRQHandler     
0000042f  DMA_INT3_IRQHandler     
000003eb  DebugMon_Handler        
00000443  DisableInterrupts       
00000411  EUSCIA0_IRQHandler      
00000413  EUSCIA1_IRQHandler      
00000415  EUSCIA2_IRQHandler      
00000417  EUSCIA3_IRQHandler      
00000419  EUSCIB0_IRQHandler      
0000041b  EUSCIB1_IRQHandler      
0000041d  EUSCIB2_IRQHandler      
0000041f  EUSCIB3_IRQHandler      
00000449  EnableInterrupts        
00000459  EndCritical             
000003fb  FLCTL_IRQHandler        
000003f9  FPU_IRQHandler          
000003f5  PCM_IRQHandler          
00000145  PORT1_IRQHandler        
00000439  PORT2_IRQHandler        
0000043b  PORT3_IRQHandler        
0000043d  PORT4_IRQHandler        
0000043f  PORT5_IRQHandler        
00000441  PORT6_IRQHandler        
000003f1  PSS_IRQHandler          
000003ed  PendSV_Handler          
0000042b  RTC_C_IRQHandler        
UNDEFED   SHT$$INIT_ARRAY$$Base   
UNDEFED   SHT$$INIT_ARRAY$$Limit  
000003e9  SVC_Handler             
0000044f  StartCritical           
000002f5  SysTick_Handler         
00000295  SysTick_Init            
00000423  T32_INT1_IRQHandler     
00000425  T32_INT2_IRQHandler     
00000427  T32_INTC_IRQHandler     
00000401  TA0_0_IRQHandler        
00000403  TA0_N_IRQHandler        
00000405  TA1_0_IRQHandler        
00000407  TA1_N_IRQHandler        
00000409  TA2_0_IRQHandler        
0000040b  TA2_N_IRQHandler        
0000040d  TA3_0_IRQHandler        
0000040f  TA3_N_IRQHandler        
4000480c  WDTCTL_SYM              
000003f7  WDT_A_IRQHandler        
00000461  WaitForInterrupt        
20010000  __STACK_END             
00000200  __STACK_SIZE            
00000710  __TI_CINIT_Base         
00000720  __TI_CINIT_Limit        
000006f8  __TI_Handler_Table_Base 
00000704  __TI_Handler_Table_Limit
000004e1  __TI_auto_init          
20000008  __TI_cleanup_ptr        
000006c5  __TI_decompress_none    
000006df  __TI_decompress_rle24   
2000000c  __TI_dtors_ptr          
00000000  __TI_static_base__      
000006d3  __TI_zero_init          
00000467  __aeabi_memclr          
00000467  __aeabi_memclr4         
00000467  __aeabi_memclr8         
00000331  __aeabi_memcpy          
00000331  __aeabi_memcpy4         
00000331  __aeabi_memcpy8         
00000469  __aeabi_memset          
00000469  __aeabi_memset4         
00000469  __aeabi_memset8         
ffffffff  __binit__               
ffffffff  __c_args__              
2000fe00  __stack                 
00000699  _args_main              
000005b9  _c_int00                
20000000  _lock                   
000006bf  _nop                    
000006b7  _register_lock          
000006b1  _register_unlock        
000006e5  _system_pre_init        
20000004  _unlock                 
00000659  abort                   
ffffffff  binit                   
00000609  copy_in                 
00000661  exit                    
00000000  interruptVectors        
0000018f  main                    
20000010  main_func_sp            
00000331  memcpy                  
0000046f  memset                  


GLOBAL SYMBOLS: SORTED BY Symbol Address 

address   name                    
-------   ----                    
00000000  __TI_static_base__      
00000000  interruptVectors        
00000145  PORT1_IRQHandler        
0000018f  main                    
00000200  __STACK_SIZE            
00000295  SysTick_Init            
000002f5  SysTick_Handler         
00000331  __aeabi_memcpy          
00000331  __aeabi_memcpy4         
00000331  __aeabi_memcpy8         
00000331  memcpy                  
000003e9  SVC_Handler             
000003eb  DebugMon_Handler        
000003ed  PendSV_Handler          
000003f1  PSS_IRQHandler          
000003f3  CS_IRQHandler           
000003f5  PCM_IRQHandler          
000003f7  WDT_A_IRQHandler        
000003f9  FPU_IRQHandler          
000003fb  FLCTL_IRQHandler        
000003fd  COMP_E0_IRQHandler      
000003ff  COMP_E1_IRQHandler      
00000401  TA0_0_IRQHandler        
00000403  TA0_N_IRQHandler        
00000405  TA1_0_IRQHandler        
00000407  TA1_N_IRQHandler        
00000409  TA2_0_IRQHandler        
0000040b  TA2_N_IRQHandler        
0000040d  TA3_0_IRQHandler        
0000040f  TA3_N_IRQHandler        
00000411  EUSCIA0_IRQHandler      
00000413  EUSCIA1_IRQHandler      
00000415  EUSCIA2_IRQHandler      
00000417  EUSCIA3_IRQHandler      
00000419  EUSCIB0_IRQHandler      
0000041b  EUSCIB1_IRQHandler      
0000041d  EUSCIB2_IRQHandler      
0000041f  EUSCIB3_IRQHandler      
00000421  ADC14_IRQHandler        
00000423  T32_INT1_IRQHandler     
00000425  T32_INT2_IRQHandler     
00000427  T32_INTC_IRQHandler     
00000429  AES256_IRQHandler       
0000042b  RTC_C_IRQHandler        
0000042d  DMA_ERR_IRQHandler      
0000042f  DMA_INT3_IRQHandler     
00000431  DMA_INT2_IRQHandler     
00000433  DMA_INT1_IRQHandler     
00000435  DMA_INT0_IRQHandler     
00000439  PORT2_IRQHandler        
0000043b  PORT3_IRQHandler        
0000043d  PORT4_IRQHandler        
0000043f  PORT5_IRQHandler        
00000441  PORT6_IRQHandler        
00000443  DisableInterrupts       
00000449  EnableInterrupts        
0000044f  StartCritical           
00000459  EndCritical             
00000461  WaitForInterrupt        
00000467  __aeabi_memclr          
00000467  __aeabi_memclr4         
00000467  __aeabi_memclr8         
00000469  __aeabi_memset          
00000469  __aeabi_memset4         
00000469  __aeabi_memset8         
0000046f  memset                  
000004e1  __TI_auto_init          
000005b9  _c_int00                
00000609  copy_in                 
00000655  C$$EXIT                 
00000659  abort                   
00000661  exit                    
00000699  _args_main              
000006b1  _register_unlock        
000006b7  _register_lock          
000006bf  _nop                    
000006c5  __TI_decompress_none    
000006d3  __TI_zero_init          
000006df  __TI_decompress_rle24   
000006e5  _system_pre_init        
000006f8  __TI_Handler_Table_Base 
00000704  __TI_Handler_Table_Limit
00000710  __TI_CINIT_Base         
00000720  __TI_CINIT_Limit        
20000000  _lock                   
20000004  _unlock                 
20000008  __TI_cleanup_ptr        
2000000c  __TI_dtors_ptr          
20000010  main_func_sp            
20000014  Counts                  
2000fe00  __stack                 
20010000  __STACK_END             
4000480c  WDTCTL_SYM              
ffffffff  __binit__               
ffffffff  __c_args__              
ffffffff  binit                   
UNDEFED   SHT$$INIT_ARRAY$$Base   
UNDEFED   SHT$$INIT_ARRAY$$Limit  

[98 symbols]
