Component: ARM Compiler 5.06 update 1 (build 61) Tool: armlink [4d35a8]

==============================================================================

Section Cross References

    systickints.o(i.SysTick_Handler) refers to systickints.o(.data) for Counts
    systickints.o(i.SysTick_Init) refers to startup_msp432.o(.text) for StartCritical
    systickints.o(i.SysTick_Init) refers to systickints.o(.data) for Counts
    periodicsystickints.o(i.main) refers to clocksystem.o(i.Clock_Init48MHz) for Clock_Init48MHz
    periodicsystickints.o(i.main) refers to dac.o(i.DAC_Init) for DAC_Init
    periodicsystickints.o(i.main) refers to dac.o(i.DAC_Out) for DAC_Out
    clocksystem.o(i.Clock_Init32kHz) refers to clocksystem.o(.data) for Prewait
    clocksystem.o(i.Clock_Init48MHz) refers to clocksystem.o(.data) for Prewait
    clocksystem.o(i.Clock_InitLowPower) refers to clocksystem.o(.data) for Prewait
    startup_msp432.o(STACK) refers (Special) to heapauxi.o(.text) for __use_two_region_memory
    startup_msp432.o(HEAP) refers (Special) to heapauxi.o(.text) for __use_two_region_memory
    startup_msp432.o(RESET) refers (Special) to heapauxi.o(.text) for __use_two_region_memory
    startup_msp432.o(RESET) refers to startup_msp432.o(STACK) for __initial_sp
    startup_msp432.o(RESET) refers to startup_msp432.o(.text) for Reset_Handler
    startup_msp432.o(RESET) refers to systickints.o(i.SysTick_Handler) for SysTick_Handler
    startup_msp432.o(.text) refers (Special) to heapauxi.o(.text) for __use_two_region_memory
    startup_msp432.o(.text) refers to system_msp432.o(i.SystemInit) for SystemInit
    startup_msp432.o(.text) refers to __main.o(!!!main) for __main
    startup_msp432.o(.text) refers to startup_msp432.o(HEAP) for Heap_Mem
    startup_msp432.o(.text) refers to startup_msp432.o(STACK) for Stack_Mem
    system_msp432.o(i.SystemCoreClockUpdate) refers to system_msp432.o(.data) for SystemCoreClock
    system_msp432.o(i.SystemInit) refers to system_msp432.o(.data) for SystemCoreClock
    __main.o(!!!main) refers to __rtentry.o(.ARM.Collect$$rtentry$$00000000) for __rt_entry
    __rtentry.o(.ARM.Collect$$rtentry$$00000000) refers (Special) to __rtentry2.o(.ARM.Collect$$rtentry$$0000000A) for __rt_entry_li
    __rtentry.o(.ARM.Collect$$rtentry$$00000000) refers (Special) to __rtentry2.o(.ARM.Collect$$rtentry$$0000000D) for __rt_entry_main
    __rtentry.o(.ARM.Collect$$rtentry$$00000000) refers (Special) to __rtentry2.o(.ARM.Collect$$rtentry$$0000000C) for __rt_entry_postli_1
    __rtentry.o(.ARM.Collect$$rtentry$$00000000) refers (Special) to __rtentry2.o(.ARM.Collect$$rtentry$$00000009) for __rt_entry_postsh_1
    __rtentry.o(.ARM.Collect$$rtentry$$00000000) refers (Special) to __rtentry2.o(.ARM.Collect$$rtentry$$00000002) for __rt_entry_presh_1
    __rtentry.o(.ARM.Collect$$rtentry$$00000000) refers (Special) to __rtentry4.o(.ARM.Collect$$rtentry$$00000004) for __rt_entry_sh
    __rtentry2.o(.ARM.Collect$$rtentry$$00000008) refers to boardinit2.o(.text) for _platform_post_stackheap_init
    __rtentry2.o(.ARM.Collect$$rtentry$$0000000A) refers to libinit.o(.ARM.Collect$$libinit$$00000000) for __rt_lib_init
    __rtentry2.o(.ARM.Collect$$rtentry$$0000000B) refers to boardinit3.o(.text) for _platform_post_lib_init
    __rtentry2.o(.ARM.Collect$$rtentry$$0000000D) refers to periodicsystickints.o(i.main) for main
    __rtentry2.o(.ARM.Collect$$rtentry$$0000000D) refers to exit.o(.text) for exit
    __rtentry2.o(.ARM.exidx) refers to __rtentry2.o(.ARM.Collect$$rtentry$$00000001) for .ARM.Collect$$rtentry$$00000001
    __rtentry2.o(.ARM.exidx) refers to __rtentry2.o(.ARM.Collect$$rtentry$$00000008) for .ARM.Collect$$rtentry$$00000008
    __rtentry2.o(.ARM.exidx) refers to __rtentry2.o(.ARM.Collect$$rtentry$$0000000A) for .ARM.Collect$$rtentry$$0000000A
    __rtentry2.o(.ARM.exidx) refers to __rtentry2.o(.ARM.Collect$$rtentry$$0000000B) for .ARM.Collect$$rtentry$$0000000B
    __rtentry2.o(.ARM.exidx) refers to __rtentry2.o(.ARM.Collect$$rtentry$$0000000D) for .ARM.Collect$$rtentry$$0000000D
    __rtentry4.o(.ARM.Collect$$rtentry$$00000004) refers to sys_stackheap_outer.o(.text) for __user_setup_stackheap
    __rtentry4.o(.ARM.exidx) refers to __rtentry4.o(.ARM.Collect$$rtentry$$00000004) for .ARM.Collect$$rtentry$$00000004
    sys_stackheap_outer.o(.text) refers to libspace.o(.text) for __user_perproc_libspace
    sys_stackheap_outer.o(.text) refers to startup_msp432.o(.text) for __user_initial_stackheap
    exit.o(.text) refers to rtexit.o(.ARM.Collect$$rtexit$$00000000) for __rt_exit
    libinit.o(.ARM.Collect$$libinit$$00000000) refers (Special) to libinit2.o(.ARM.Collect$$libinit$$0000002E) for __rt_lib_init_alloca_1
    libinit.o(.ARM.Collect$$libinit$$00000000) refers (Special) to libinit2.o(.ARM.Collect$$libinit$$0000002C) for __rt_lib_init_argv_1
    libinit.o(.ARM.Collect$$libinit$$00000000) refers (Special) to libinit2.o(.ARM.Collect$$libinit$$0000001B) for __rt_lib_init_atexit_1
    libinit.o(.ARM.Collect$$libinit$$00000000) refers (Special) to libinit2.o(.ARM.Collect$$libinit$$00000021) for __rt_lib_init_clock_1
    libinit.o(.ARM.Collect$$libinit$$00000000) refers (Special) to libinit2.o(.ARM.Collect$$libinit$$00000032) for __rt_lib_init_cpp_1
    libinit.o(.ARM.Collect$$libinit$$00000000) refers (Special) to libinit2.o(.ARM.Collect$$libinit$$00000030) for __rt_lib_init_exceptions_1
    libinit.o(.ARM.Collect$$libinit$$00000000) refers (Special) to libinit2.o(.ARM.Collect$$libinit$$00000002) for __rt_lib_init_fp_1
    libinit.o(.ARM.Collect$$libinit$$00000000) refers (Special) to libinit2.o(.ARM.Collect$$libinit$$0000001F) for __rt_lib_init_fp_trap_1
    libinit.o(.ARM.Collect$$libinit$$00000000) refers (Special) to libinit2.o(.ARM.Collect$$libinit$$00000023) for __rt_lib_init_getenv_1
    libinit.o(.ARM.Collect$$libinit$$00000000) refers (Special) to libinit2.o(.ARM.Collect$$libinit$$0000000A) for __rt_lib_init_heap_1
    libinit.o(.ARM.Collect$$libinit$$00000000) refers (Special) to libinit2.o(.ARM.Collect$$libinit$$00000011) for __rt_lib_init_lc_collate_1
    libinit.o(.ARM.Collect$$libinit$$00000000) refers (Special) to libinit2.o(.ARM.Collect$$libinit$$00000013) for __rt_lib_init_lc_ctype_1
    libinit.o(.ARM.Collect$$libinit$$00000000) refers (Special) to libinit2.o(.ARM.Collect$$libinit$$00000015) for __rt_lib_init_lc_monetary_1
    libinit.o(.ARM.Collect$$libinit$$00000000) refers (Special) to libinit2.o(.ARM.Collect$$libinit$$00000017) for __rt_lib_init_lc_numeric_1
    libinit.o(.ARM.Collect$$libinit$$00000000) refers (Special) to libinit2.o(.ARM.Collect$$libinit$$00000019) for __rt_lib_init_lc_time_1
    libinit.o(.ARM.Collect$$libinit$$00000000) refers (Special) to libinit2.o(.ARM.Collect$$libinit$$00000004) for __rt_lib_init_preinit_1
    libinit.o(.ARM.Collect$$libinit$$00000000) refers (Special) to libinit2.o(.ARM.Collect$$libinit$$0000000E) for __rt_lib_init_rand_1
    libinit.o(.ARM.Collect$$libinit$$00000000) refers (Special) to libinit2.o(.ARM.Collect$$libinit$$00000033) for __rt_lib_init_return
    libinit.o(.ARM.Collect$$libinit$$00000000) refers (Special) to libinit2.o(.ARM.Collect$$libinit$$0000001D) for __rt_lib_init_signal_1
    libinit.o(.ARM.Collect$$libinit$$00000000) refers (Special) to libinit2.o(.ARM.Collect$$libinit$$00000025) for __rt_lib_init_stdio_1
    libinit.o(.ARM.Collect$$libinit$$00000000) refers (Special) to libinit2.o(.ARM.Collect$$libinit$$0000000C) for __rt_lib_init_user_alloc_1
    libspace.o(.text) refers to libspace.o(.bss) for __libspace_start
    rtexit.o(.ARM.Collect$$rtexit$$00000000) refers (Special) to rtexit2.o(.ARM.Collect$$rtexit$$00000004) for __rt_exit_exit
    rtexit.o(.ARM.Collect$$rtexit$$00000000) refers (Special) to rtexit2.o(.ARM.Collect$$rtexit$$00000003) for __rt_exit_ls
    rtexit.o(.ARM.Collect$$rtexit$$00000000) refers (Special) to rtexit2.o(.ARM.Collect$$rtexit$$00000002) for __rt_exit_prels_1
    rtexit.o(.ARM.exidx) refers (Special) to rtexit2.o(.ARM.Collect$$rtexit$$00000004) for __rt_exit_exit
    rtexit.o(.ARM.exidx) refers (Special) to rtexit2.o(.ARM.Collect$$rtexit$$00000003) for __rt_exit_ls
    rtexit.o(.ARM.exidx) refers (Special) to rtexit2.o(.ARM.Collect$$rtexit$$00000002) for __rt_exit_prels_1
    rtexit.o(.ARM.exidx) refers to rtexit.o(.ARM.Collect$$rtexit$$00000000) for .ARM.Collect$$rtexit$$00000000
    libinit2.o(.ARM.Collect$$libinit$$00000010) refers to libinit2.o(.ARM.Collect$$libinit$$0000000F) for .ARM.Collect$$libinit$$0000000F
    libinit2.o(.ARM.Collect$$libinit$$00000012) refers to libinit2.o(.ARM.Collect$$libinit$$0000000F) for .ARM.Collect$$libinit$$0000000F
    libinit2.o(.ARM.Collect$$libinit$$00000014) refers to libinit2.o(.ARM.Collect$$libinit$$0000000F) for .ARM.Collect$$libinit$$0000000F
    libinit2.o(.ARM.Collect$$libinit$$00000016) refers to libinit2.o(.ARM.Collect$$libinit$$0000000F) for .ARM.Collect$$libinit$$0000000F
    libinit2.o(.ARM.Collect$$libinit$$00000018) refers to libinit2.o(.ARM.Collect$$libinit$$0000000F) for .ARM.Collect$$libinit$$0000000F
    libinit2.o(.ARM.Collect$$libinit$$00000026) refers to argv_veneer.o(.emb_text) for __ARM_argv_veneer
    libinit2.o(.ARM.Collect$$libinit$$00000027) refers to argv_veneer.o(.emb_text) for __ARM_argv_veneer
    rtexit2.o(.ARM.Collect$$rtexit$$00000003) refers to libshutdown.o(.ARM.Collect$$libshutdown$$00000000) for __rt_lib_shutdown
    rtexit2.o(.ARM.Collect$$rtexit$$00000004) refers to sys_exit.o(.text) for _sys_exit
    rtexit2.o(.ARM.exidx) refers to rtexit2.o(.ARM.Collect$$rtexit$$00000001) for .ARM.Collect$$rtexit$$00000001
    rtexit2.o(.ARM.exidx) refers to rtexit2.o(.ARM.Collect$$rtexit$$00000003) for .ARM.Collect$$rtexit$$00000003
    rtexit2.o(.ARM.exidx) refers to rtexit2.o(.ARM.Collect$$rtexit$$00000004) for .ARM.Collect$$rtexit$$00000004
    argv_veneer.o(.emb_text) refers to no_argv.o(.text) for __ARM_get_argv
    sys_exit.o(.text) refers (Special) to use_no_semi.o(.text) for __I$use$semihosting
    sys_exit.o(.text) refers (Special) to indicate_semi.o(.text) for __semihosting_library_function
    _get_argv_nomalloc.o(.text) refers (Special) to hrguard.o(.text) for __heap_region$guard
    _get_argv_nomalloc.o(.text) refers to defsig_rtmem_outer.o(.text) for __rt_SIGRTMEM
    _get_argv_nomalloc.o(.text) refers to sys_command.o(.text) for _sys_command_string
    libshutdown.o(.ARM.Collect$$libshutdown$$00000000) refers (Special) to libshutdown2.o(.ARM.Collect$$libshutdown$$00000002) for __rt_lib_shutdown_cpp_1
    libshutdown.o(.ARM.Collect$$libshutdown$$00000000) refers (Special) to libshutdown2.o(.ARM.Collect$$libshutdown$$00000007) for __rt_lib_shutdown_fp_trap_1
    libshutdown.o(.ARM.Collect$$libshutdown$$00000000) refers (Special) to libshutdown2.o(.ARM.Collect$$libshutdown$$0000000F) for __rt_lib_shutdown_heap_1
    libshutdown.o(.ARM.Collect$$libshutdown$$00000000) refers (Special) to libshutdown2.o(.ARM.Collect$$libshutdown$$00000010) for __rt_lib_shutdown_return
    libshutdown.o(.ARM.Collect$$libshutdown$$00000000) refers (Special) to libshutdown2.o(.ARM.Collect$$libshutdown$$0000000A) for __rt_lib_shutdown_signal_1
    libshutdown.o(.ARM.Collect$$libshutdown$$00000000) refers (Special) to libshutdown2.o(.ARM.Collect$$libshutdown$$00000004) for __rt_lib_shutdown_stdio_1
    libshutdown.o(.ARM.Collect$$libshutdown$$00000000) refers (Special) to libshutdown2.o(.ARM.Collect$$libshutdown$$0000000C) for __rt_lib_shutdown_user_alloc_1
    sys_command.o(.text) refers (Special) to use_no_semi.o(.text) for __I$use$semihosting
    sys_command.o(.text) refers (Special) to indicate_semi.o(.text) for __semihosting_library_function
    defsig_rtmem_outer.o(.text) refers to defsig_rtmem_inner.o(.text) for __rt_SIGRTMEM_inner
    defsig_rtmem_outer.o(.text) refers to defsig_exit.o(.text) for __sig_exit
    defsig_rtmem_formal.o(.text) refers to rt_raise.o(.text) for __rt_raise
    rt_raise.o(.text) refers to __raise.o(.text) for __raise
    rt_raise.o(.text) refers to sys_exit.o(.text) for _sys_exit
    defsig_exit.o(.text) refers to sys_exit.o(.text) for _sys_exit
    defsig_rtmem_inner.o(.text) refers to defsig_general.o(.text) for __default_signal_display
    __raise.o(.text) refers to defsig.o(CL$$defsig) for __default_signal_handler
    defsig_general.o(.text) refers to sys_wrch.o(.text) for _ttywrch
    sys_wrch.o(.text) refers (Special) to use_no_semi.o(.text) for __I$use$semihosting
    sys_wrch.o(.text) refers (Special) to indicate_semi.o(.text) for __semihosting_library_function
    defsig.o(CL$$defsig) refers to defsig_rtmem_inner.o(.text) for __rt_SIGRTMEM_inner
    defsig_abrt_inner.o(.text) refers to defsig_general.o(.text) for __default_signal_display
    defsig_fpe_inner.o(.text) refers to defsig_general.o(.text) for __default_signal_display
    defsig_rtred_inner.o(.text) refers to defsig_general.o(.text) for __default_signal_display
    defsig_stak_inner.o(.text) refers to defsig_general.o(.text) for __default_signal_display
    defsig_pvfn_inner.o(.text) refers to defsig_general.o(.text) for __default_signal_display
    defsig_cppl_inner.o(.text) refers to defsig_general.o(.text) for __default_signal_display
    defsig_segv_inner.o(.text) refers to defsig_general.o(.text) for __default_signal_display
    defsig_other.o(.text) refers to defsig_general.o(.text) for __default_signal_display


==============================================================================

Removing Unused input sections from the image.

    Removing systickints.o(.rev16_text), (4 bytes).
    Removing systickints.o(.revsh_text), (4 bytes).
    Removing systickints.o(.rrx_text), (6 bytes).
    Removing systickints.o(i.SysTick_Init), (116 bytes).
    Removing periodicsystickints.o(.rev16_text), (4 bytes).
    Removing periodicsystickints.o(.revsh_text), (4 bytes).
    Removing periodicsystickints.o(.rrx_text), (6 bytes).
    Removing dac.o(.rev16_text), (4 bytes).
    Removing dac.o(.revsh_text), (4 bytes).
    Removing dac.o(.rrx_text), (6 bytes).
    Removing clocksystem.o(.rev16_text), (4 bytes).
    Removing clocksystem.o(.revsh_text), (4 bytes).
    Removing clocksystem.o(.rrx_text), (6 bytes).
    Removing clocksystem.o(i.Clock_Init), (68 bytes).
    Removing clocksystem.o(i.Clock_Init32kHz), (336 bytes).
    Removing clocksystem.o(i.Clock_InitLowPower), (224 bytes).
    Removing system_msp432.o(.rev16_text), (4 bytes).
    Removing system_msp432.o(.revsh_text), (4 bytes).
    Removing system_msp432.o(.rrx_text), (6 bytes).
    Removing system_msp432.o(i.SystemCoreClockUpdate), (16 bytes).

20 unused section(s) (total 830 bytes) removed from the image.

==============================================================================

Image Symbol Table

    Local Symbols

    Symbol Name                              Value     Ov Type        Size  Object(Section)

    RESET                                    0x00000000   Section      324  startup_msp432.o(RESET)
    ../clib/angel/boardlib.s                 0x00000000   Number         0  boardinit3.o ABSOLUTE
    ../clib/angel/boardlib.s                 0x00000000   Number         0  boardinit2.o ABSOLUTE
    ../clib/angel/boardlib.s                 0x00000000   Number         0  boardinit1.o ABSOLUTE
    ../clib/angel/boardlib.s                 0x00000000   Number         0  boardshut.o ABSOLUTE
    ../clib/angel/handlers.s                 0x00000000   Number         0  __scatter_zi.o ABSOLUTE
    ../clib/angel/handlers.s                 0x00000000   Number         0  __scatter_copy.o ABSOLUTE
    ../clib/angel/kernel.s                   0x00000000   Number         0  __rtentry.o ABSOLUTE
    ../clib/angel/kernel.s                   0x00000000   Number         0  rtexit2.o ABSOLUTE
    ../clib/angel/kernel.s                   0x00000000   Number         0  __rtentry4.o ABSOLUTE
    ../clib/angel/kernel.s                   0x00000000   Number         0  __rtentry2.o ABSOLUTE
    ../clib/angel/kernel.s                   0x00000000   Number         0  rtexit.o ABSOLUTE
    ../clib/angel/rt.s                       0x00000000   Number         0  rt_raise.o ABSOLUTE
    ../clib/angel/scatter.s                  0x00000000   Number         0  __scatter.o ABSOLUTE
    ../clib/angel/startup.s                  0x00000000   Number         0  __main.o ABSOLUTE
    ../clib/angel/sys.s                      0x00000000   Number         0  libspace.o ABSOLUTE
    ../clib/angel/sys.s                      0x00000000   Number         0  use_no_semi.o ABSOLUTE
    ../clib/angel/sys.s                      0x00000000   Number         0  indicate_semi.o ABSOLUTE
    ../clib/angel/sys.s                      0x00000000   Number         0  sys_stackheap_outer.o ABSOLUTE
    ../clib/angel/sysapp.c                   0x00000000   Number         0  sys_command.o ABSOLUTE
    ../clib/angel/sysapp.c                   0x00000000   Number         0  sys_wrch.o ABSOLUTE
    ../clib/angel/sysapp.c                   0x00000000   Number         0  sys_exit.o ABSOLUTE
    ../clib/armsys.c                         0x00000000   Number         0  _get_argv_nomalloc.o ABSOLUTE
    ../clib/armsys.c                         0x00000000   Number         0  argv_veneer.o ABSOLUTE
    ../clib/armsys.c                         0x00000000   Number         0  argv_veneer.o ABSOLUTE
    ../clib/armsys.c                         0x00000000   Number         0  no_argv.o ABSOLUTE
    ../clib/heapalloc.c                      0x00000000   Number         0  hrguard.o ABSOLUTE
    ../clib/heapaux.c                        0x00000000   Number         0  heapauxi.o ABSOLUTE
    ../clib/libinit.s                        0x00000000   Number         0  libshutdown.o ABSOLUTE
    ../clib/libinit.s                        0x00000000   Number         0  libinit.o ABSOLUTE
    ../clib/libinit.s                        0x00000000   Number         0  libshutdown2.o ABSOLUTE
    ../clib/libinit.s                        0x00000000   Number         0  libinit2.o ABSOLUTE
    ../clib/signal.c                         0x00000000   Number         0  __raise.o ABSOLUTE
    ../clib/signal.c                         0x00000000   Number         0  defsig_rtmem_inner.o ABSOLUTE
    ../clib/signal.c                         0x00000000   Number         0  defsig_exit.o ABSOLUTE
    ../clib/signal.c                         0x00000000   Number         0  defsig_rtmem_formal.o ABSOLUTE
    ../clib/signal.c                         0x00000000   Number         0  defsig_rtmem_outer.o ABSOLUTE
    ../clib/signal.c                         0x00000000   Number         0  defsig_general.o ABSOLUTE
    ../clib/signal.c                         0x00000000   Number         0  defsig_other.o ABSOLUTE
    ../clib/signal.c                         0x00000000   Number         0  defsig_segv_inner.o ABSOLUTE
    ../clib/signal.c                         0x00000000   Number         0  defsig_cppl_inner.o ABSOLUTE
    ../clib/signal.c                         0x00000000   Number         0  defsig_pvfn_inner.o ABSOLUTE
    ../clib/signal.c                         0x00000000   Number         0  defsig_stak_inner.o ABSOLUTE
    ../clib/signal.c                         0x00000000   Number         0  defsig_rtred_inner.o ABSOLUTE
    ../clib/signal.c                         0x00000000   Number         0  defsig_fpe_inner.o ABSOLUTE
    ../clib/signal.c                         0x00000000   Number         0  defsig_abrt_inner.o ABSOLUTE
    ../clib/signal.s                         0x00000000   Number         0  defsig.o ABSOLUTE
    ../clib/stdlib.c                         0x00000000   Number         0  exit.o ABSOLUTE
    ../fplib/fpinit.s                        0x00000000   Number         0  fpinit.o ABSOLUTE
    ClockSystem.c                            0x00000000   Number         0  clocksystem.o ABSOLUTE
    ClockSystem.c                            0x00000000   Number         0  clocksystem.o ABSOLUTE
    DAC.c                                    0x00000000   Number         0  dac.o ABSOLUTE
    DAC.c                                    0x00000000   Number         0  dac.o ABSOLUTE
    PeriodicSysTickInts.c                    0x00000000   Number         0  periodicsystickints.o ABSOLUTE
    PeriodicSysTickInts.c                    0x00000000   Number         0  periodicsystickints.o ABSOLUTE
    RTE\Device\MSP432P401R\startup_msp432.s  0x00000000   Number         0  startup_msp432.o ABSOLUTE
    RTE\Device\MSP432P401R\system_msp432.c   0x00000000   Number         0  system_msp432.o ABSOLUTE
    RTE\\Device\\MSP432P401R\\system_msp432.c 0x00000000   Number         0  system_msp432.o ABSOLUTE
    SysTickInts.c                            0x00000000   Number         0  systickints.o ABSOLUTE
    SysTickInts.c                            0x00000000   Number         0  systickints.o ABSOLUTE
    dc.s                                     0x00000000   Number         0  dc.o ABSOLUTE
    !!!main                                  0x00000144   Section        8  __main.o(!!!main)
    !!!scatter                               0x0000014c   Section       52  __scatter.o(!!!scatter)
    !!handler_copy                           0x00000180   Section       26  __scatter_copy.o(!!handler_copy)
    !!handler_zi                             0x0000019c   Section       28  __scatter_zi.o(!!handler_zi)
    .ARM.Collect$$libinit$$00000000          0x000001b8   Section        2  libinit.o(.ARM.Collect$$libinit$$00000000)
    .ARM.Collect$$libinit$$00000002          0x000001ba   Section        0  libinit2.o(.ARM.Collect$$libinit$$00000002)
    .ARM.Collect$$libinit$$00000004          0x000001ba   Section        0  libinit2.o(.ARM.Collect$$libinit$$00000004)
    .ARM.Collect$$libinit$$0000000A          0x000001ba   Section        0  libinit2.o(.ARM.Collect$$libinit$$0000000A)
    .ARM.Collect$$libinit$$0000000C          0x000001ba   Section        0  libinit2.o(.ARM.Collect$$libinit$$0000000C)
    .ARM.Collect$$libinit$$0000000E          0x000001ba   Section        0  libinit2.o(.ARM.Collect$$libinit$$0000000E)
    .ARM.Collect$$libinit$$00000011          0x000001ba   Section        0  libinit2.o(.ARM.Collect$$libinit$$00000011)
    .ARM.Collect$$libinit$$00000013          0x000001ba   Section        0  libinit2.o(.ARM.Collect$$libinit$$00000013)
    .ARM.Collect$$libinit$$00000015          0x000001ba   Section        0  libinit2.o(.ARM.Collect$$libinit$$00000015)
    .ARM.Collect$$libinit$$00000017          0x000001ba   Section        0  libinit2.o(.ARM.Collect$$libinit$$00000017)
    .ARM.Collect$$libinit$$00000019          0x000001ba   Section        0  libinit2.o(.ARM.Collect$$libinit$$00000019)
    .ARM.Collect$$libinit$$0000001B          0x000001ba   Section        0  libinit2.o(.ARM.Collect$$libinit$$0000001B)
    .ARM.Collect$$libinit$$0000001D          0x000001ba   Section        0  libinit2.o(.ARM.Collect$$libinit$$0000001D)
    .ARM.Collect$$libinit$$0000001F          0x000001ba   Section        0  libinit2.o(.ARM.Collect$$libinit$$0000001F)
    .ARM.Collect$$libinit$$00000021          0x000001ba   Section        0  libinit2.o(.ARM.Collect$$libinit$$00000021)
    .ARM.Collect$$libinit$$00000023          0x000001ba   Section        0  libinit2.o(.ARM.Collect$$libinit$$00000023)
    .ARM.Collect$$libinit$$00000025          0x000001ba   Section        0  libinit2.o(.ARM.Collect$$libinit$$00000025)
    .ARM.Collect$$libinit$$0000002C          0x000001ba   Section        0  libinit2.o(.ARM.Collect$$libinit$$0000002C)
    .ARM.Collect$$libinit$$0000002E          0x000001ba   Section        0  libinit2.o(.ARM.Collect$$libinit$$0000002E)
    .ARM.Collect$$libinit$$00000030          0x000001ba   Section        0  libinit2.o(.ARM.Collect$$libinit$$00000030)
    .ARM.Collect$$libinit$$00000032          0x000001ba   Section        0  libinit2.o(.ARM.Collect$$libinit$$00000032)
    .ARM.Collect$$libinit$$00000033          0x000001ba   Section        2  libinit2.o(.ARM.Collect$$libinit$$00000033)
    .ARM.Collect$$libshutdown$$00000000      0x000001bc   Section        2  libshutdown.o(.ARM.Collect$$libshutdown$$00000000)
    .ARM.Collect$$libshutdown$$00000002      0x000001be   Section        0  libshutdown2.o(.ARM.Collect$$libshutdown$$00000002)
    .ARM.Collect$$libshutdown$$00000004      0x000001be   Section        0  libshutdown2.o(.ARM.Collect$$libshutdown$$00000004)
    .ARM.Collect$$libshutdown$$00000007      0x000001be   Section        0  libshutdown2.o(.ARM.Collect$$libshutdown$$00000007)
    .ARM.Collect$$libshutdown$$0000000A      0x000001be   Section        0  libshutdown2.o(.ARM.Collect$$libshutdown$$0000000A)
    .ARM.Collect$$libshutdown$$0000000C      0x000001be   Section        0  libshutdown2.o(.ARM.Collect$$libshutdown$$0000000C)
    .ARM.Collect$$libshutdown$$0000000F      0x000001be   Section        0  libshutdown2.o(.ARM.Collect$$libshutdown$$0000000F)
    .ARM.Collect$$libshutdown$$00000010      0x000001be   Section        2  libshutdown2.o(.ARM.Collect$$libshutdown$$00000010)
    .ARM.Collect$$rtentry$$00000000          0x000001c0   Section        0  __rtentry.o(.ARM.Collect$$rtentry$$00000000)
    .ARM.Collect$$rtentry$$00000002          0x000001c0   Section        0  __rtentry2.o(.ARM.Collect$$rtentry$$00000002)
    .ARM.Collect$$rtentry$$00000004          0x000001c0   Section        6  __rtentry4.o(.ARM.Collect$$rtentry$$00000004)
    .ARM.Collect$$rtentry$$00000009          0x000001c6   Section        0  __rtentry2.o(.ARM.Collect$$rtentry$$00000009)
    .ARM.Collect$$rtentry$$0000000A          0x000001c6   Section        4  __rtentry2.o(.ARM.Collect$$rtentry$$0000000A)
    .ARM.Collect$$rtentry$$0000000C          0x000001ca   Section        0  __rtentry2.o(.ARM.Collect$$rtentry$$0000000C)
    .ARM.Collect$$rtentry$$0000000D          0x000001ca   Section        8  __rtentry2.o(.ARM.Collect$$rtentry$$0000000D)
    .ARM.Collect$$rtexit$$00000000           0x000001d2   Section        2  rtexit.o(.ARM.Collect$$rtexit$$00000000)
    .ARM.Collect$$rtexit$$00000002           0x000001d4   Section        0  rtexit2.o(.ARM.Collect$$rtexit$$00000002)
    .ARM.Collect$$rtexit$$00000003           0x000001d4   Section        4  rtexit2.o(.ARM.Collect$$rtexit$$00000003)
    .ARM.Collect$$rtexit$$00000004           0x000001d8   Section        6  rtexit2.o(.ARM.Collect$$rtexit$$00000004)
    .text                                    0x000001e0   Section       84  startup_msp432.o(.text)
    .text                                    0x00000234   Section        0  heapauxi.o(.text)
    .text                                    0x0000023a   Section       74  sys_stackheap_outer.o(.text)
    .text                                    0x00000284   Section        0  exit.o(.text)
    .text                                    0x00000298   Section        8  libspace.o(.text)
    .text                                    0x000002a0   Section        0  sys_exit.o(.text)
    .text                                    0x000002ac   Section        2  use_no_semi.o(.text)
    .text                                    0x000002ae   Section        0  indicate_semi.o(.text)
    i.Clock_Init48MHz                        0x000002b0   Section        0  clocksystem.o(i.Clock_Init48MHz)
    i.DAC_Init                               0x00000400   Section        0  dac.o(i.DAC_Init)
    i.DAC_Out                                0x00000430   Section        0  dac.o(i.DAC_Out)
    i.SysTick_Handler                        0x00000444   Section        0  systickints.o(i.SysTick_Handler)
    i.SystemInit                             0x0000047c   Section        0  system_msp432.o(i.SystemInit)
    i.main                                   0x00000498   Section        0  periodicsystickints.o(i.main)
    .data                                    0x20000000   Section        4  systickints.o(.data)
    .data                                    0x20000004   Section       20  clocksystem.o(.data)
    .data                                    0x20000018   Section        4  system_msp432.o(.data)
    .bss                                     0x2000001c   Section       96  libspace.o(.bss)
    HEAP                                     0x20000080   Section        0  startup_msp432.o(HEAP)
    STACK                                    0x20000080   Section     1024  startup_msp432.o(STACK)
    Heap_Mem                                 0x20000080   Data           0  startup_msp432.o(HEAP)
    Stack_Mem                                0x20000080   Data        1024  startup_msp432.o(STACK)
    __initial_sp                             0x20000480   Data           0  startup_msp432.o(STACK)

    Global Symbols

    Symbol Name                              Value     Ov Type        Size  Object(Section)

    BuildAttributes$$THM_ISAv4$E$P$D$K$B$S$7EM$PE$A:L22UL41UL21$X:L11$S22US41US21$IEEE1$IW$USESV6$~STKCKD$USESV7$~SHL$OSPACE$ROPI$EBA8$UX$STANDARDLIB$REQ8$PRES8$EABIv2 0x00000000   Number         0  anon$$obj.o ABSOLUTE
    __ARM_use_no_argv                        0x00000000   Number         0  periodicsystickints.o ABSOLUTE
    __Vectors                                0x00000000   Data           4  startup_msp432.o(RESET)
    __ARM_exceptions_init                     - Undefined Weak Reference
    __alloca_initialize                       - Undefined Weak Reference
    __arm_preinit_                            - Undefined Weak Reference
    __cpp_initialize__aeabi_                  - Undefined Weak Reference
    __cxa_finalize                            - Undefined Weak Reference
    __rt_locale                               - Undefined Weak Reference
    __sigvec_lookup                           - Undefined Weak Reference
    _atexit_init                              - Undefined Weak Reference
    _call_atexit_fns                          - Undefined Weak Reference
    _clock_init                               - Undefined Weak Reference
    _fp_trap_init                             - Undefined Weak Reference
    _fp_trap_shutdown                         - Undefined Weak Reference
    _get_lc_collate                           - Undefined Weak Reference
    _get_lc_ctype                             - Undefined Weak Reference
    _get_lc_monetary                          - Undefined Weak Reference
    _get_lc_numeric                           - Undefined Weak Reference
    _get_lc_time                              - Undefined Weak Reference
    _getenv_init                              - Undefined Weak Reference
    _handle_redirection                       - Undefined Weak Reference
    _init_alloc                               - Undefined Weak Reference
    _init_user_alloc                          - Undefined Weak Reference
    _initio                                   - Undefined Weak Reference
    _rand_init                                - Undefined Weak Reference
    _signal_finish                            - Undefined Weak Reference
    _signal_init                              - Undefined Weak Reference
    _terminate_alloc                          - Undefined Weak Reference
    _terminate_user_alloc                     - Undefined Weak Reference
    _terminateio                              - Undefined Weak Reference
    __Vectors_End                            0x00000144   Data           0  startup_msp432.o(RESET)
    __Vectors_Size                           0x00000144   Number         0  startup_msp432.o ABSOLUTE
    __main                                   0x00000145   Thumb Code     8  __main.o(!!!main)
    __scatterload                            0x0000014d   Thumb Code     0  __scatter.o(!!!scatter)
    __scatterload_rt2                        0x0000014d   Thumb Code    44  __scatter.o(!!!scatter)
    __scatterload_rt2_thumb_only             0x0000014d   Thumb Code     0  __scatter.o(!!!scatter)
    __scatterload_null                       0x0000015b   Thumb Code     0  __scatter.o(!!!scatter)
    __scatterload_copy                       0x00000181   Thumb Code    26  __scatter_copy.o(!!handler_copy)
    __scatterload_zeroinit                   0x0000019d   Thumb Code    28  __scatter_zi.o(!!handler_zi)
    __rt_lib_init                            0x000001b9   Thumb Code     0  libinit.o(.ARM.Collect$$libinit$$00000000)
    __rt_lib_init_alloca_1                   0x000001bb   Thumb Code     0  libinit2.o(.ARM.Collect$$libinit$$0000002E)
    __rt_lib_init_argv_1                     0x000001bb   Thumb Code     0  libinit2.o(.ARM.Collect$$libinit$$0000002C)
    __rt_lib_init_atexit_1                   0x000001bb   Thumb Code     0  libinit2.o(.ARM.Collect$$libinit$$0000001B)
    __rt_lib_init_clock_1                    0x000001bb   Thumb Code     0  libinit2.o(.ARM.Collect$$libinit$$00000021)
    __rt_lib_init_cpp_1                      0x000001bb   Thumb Code     0  libinit2.o(.ARM.Collect$$libinit$$00000032)
    __rt_lib_init_exceptions_1               0x000001bb   Thumb Code     0  libinit2.o(.ARM.Collect$$libinit$$00000030)
    __rt_lib_init_fp_1                       0x000001bb   Thumb Code     0  libinit2.o(.ARM.Collect$$libinit$$00000002)
    __rt_lib_init_fp_trap_1                  0x000001bb   Thumb Code     0  libinit2.o(.ARM.Collect$$libinit$$0000001F)
    __rt_lib_init_getenv_1                   0x000001bb   Thumb Code     0  libinit2.o(.ARM.Collect$$libinit$$00000023)
    __rt_lib_init_heap_1                     0x000001bb   Thumb Code     0  libinit2.o(.ARM.Collect$$libinit$$0000000A)
    __rt_lib_init_lc_collate_1               0x000001bb   Thumb Code     0  libinit2.o(.ARM.Collect$$libinit$$00000011)
    __rt_lib_init_lc_ctype_1                 0x000001bb   Thumb Code     0  libinit2.o(.ARM.Collect$$libinit$$00000013)
    __rt_lib_init_lc_monetary_1              0x000001bb   Thumb Code     0  libinit2.o(.ARM.Collect$$libinit$$00000015)
    __rt_lib_init_lc_numeric_1               0x000001bb   Thumb Code     0  libinit2.o(.ARM.Collect$$libinit$$00000017)
    __rt_lib_init_lc_time_1                  0x000001bb   Thumb Code     0  libinit2.o(.ARM.Collect$$libinit$$00000019)
    __rt_lib_init_preinit_1                  0x000001bb   Thumb Code     0  libinit2.o(.ARM.Collect$$libinit$$00000004)
    __rt_lib_init_rand_1                     0x000001bb   Thumb Code     0  libinit2.o(.ARM.Collect$$libinit$$0000000E)
    __rt_lib_init_return                     0x000001bb   Thumb Code     0  libinit2.o(.ARM.Collect$$libinit$$00000033)
    __rt_lib_init_signal_1                   0x000001bb   Thumb Code     0  libinit2.o(.ARM.Collect$$libinit$$0000001D)
    __rt_lib_init_stdio_1                    0x000001bb   Thumb Code     0  libinit2.o(.ARM.Collect$$libinit$$00000025)
    __rt_lib_init_user_alloc_1               0x000001bb   Thumb Code     0  libinit2.o(.ARM.Collect$$libinit$$0000000C)
    __rt_lib_shutdown                        0x000001bd   Thumb Code     0  libshutdown.o(.ARM.Collect$$libshutdown$$00000000)
    __rt_lib_shutdown_cpp_1                  0x000001bf   Thumb Code     0  libshutdown2.o(.ARM.Collect$$libshutdown$$00000002)
    __rt_lib_shutdown_fp_trap_1              0x000001bf   Thumb Code     0  libshutdown2.o(.ARM.Collect$$libshutdown$$00000007)
    __rt_lib_shutdown_heap_1                 0x000001bf   Thumb Code     0  libshutdown2.o(.ARM.Collect$$libshutdown$$0000000F)
    __rt_lib_shutdown_return                 0x000001bf   Thumb Code     0  libshutdown2.o(.ARM.Collect$$libshutdown$$00000010)
    __rt_lib_shutdown_signal_1               0x000001bf   Thumb Code     0  libshutdown2.o(.ARM.Collect$$libshutdown$$0000000A)
    __rt_lib_shutdown_stdio_1                0x000001bf   Thumb Code     0  libshutdown2.o(.ARM.Collect$$libshutdown$$00000004)
    __rt_lib_shutdown_user_alloc_1           0x000001bf   Thumb Code     0  libshutdown2.o(.ARM.Collect$$libshutdown$$0000000C)
    __rt_entry                               0x000001c1   Thumb Code     0  __rtentry.o(.ARM.Collect$$rtentry$$00000000)
    __rt_entry_presh_1                       0x000001c1   Thumb Code     0  __rtentry2.o(.ARM.Collect$$rtentry$$00000002)
    __rt_entry_sh                            0x000001c1   Thumb Code     0  __rtentry4.o(.ARM.Collect$$rtentry$$00000004)
    __rt_entry_li                            0x000001c7   Thumb Code     0  __rtentry2.o(.ARM.Collect$$rtentry$$0000000A)
    __rt_entry_postsh_1                      0x000001c7   Thumb Code     0  __rtentry2.o(.ARM.Collect$$rtentry$$00000009)
    __rt_entry_main                          0x000001cb   Thumb Code     0  __rtentry2.o(.ARM.Collect$$rtentry$$0000000D)
    __rt_entry_postli_1                      0x000001cb   Thumb Code     0  __rtentry2.o(.ARM.Collect$$rtentry$$0000000C)
    __rt_exit                                0x000001d3   Thumb Code     0  rtexit.o(.ARM.Collect$$rtexit$$00000000)
    __rt_exit_ls                             0x000001d5   Thumb Code     0  rtexit2.o(.ARM.Collect$$rtexit$$00000003)
    __rt_exit_prels_1                        0x000001d5   Thumb Code     0  rtexit2.o(.ARM.Collect$$rtexit$$00000002)
    __rt_exit_exit                           0x000001d9   Thumb Code     0  rtexit2.o(.ARM.Collect$$rtexit$$00000004)
    Reset_Handler                            0x000001e1   Thumb Code     8  startup_msp432.o(.text)
    NMI_Handler                              0x000001e9   Thumb Code     2  startup_msp432.o(.text)
    HardFault_Handler                        0x000001eb   Thumb Code     2  startup_msp432.o(.text)
    MemManage_Handler                        0x000001ed   Thumb Code     2  startup_msp432.o(.text)
    BusFault_Handler                         0x000001ef   Thumb Code     2  startup_msp432.o(.text)
    UsageFault_Handler                       0x000001f1   Thumb Code     2  startup_msp432.o(.text)
    SVC_Handler                              0x000001f3   Thumb Code     2  startup_msp432.o(.text)
    DebugMon_Handler                         0x000001f5   Thumb Code     2  startup_msp432.o(.text)
    PendSV_Handler                           0x000001f7   Thumb Code     2  startup_msp432.o(.text)
    ADC14_IRQHandler                         0x000001fb   Thumb Code     0  startup_msp432.o(.text)
    AES256_IRQHandler                        0x000001fb   Thumb Code     0  startup_msp432.o(.text)
    COMP_E0_IRQHandler                       0x000001fb   Thumb Code     0  startup_msp432.o(.text)
    COMP_E1_IRQHandler                       0x000001fb   Thumb Code     0  startup_msp432.o(.text)
    CS_IRQHandler                            0x000001fb   Thumb Code     0  startup_msp432.o(.text)
    DMA_ERR_IRQHandler                       0x000001fb   Thumb Code     0  startup_msp432.o(.text)
    DMA_INT0_IRQHandler                      0x000001fb   Thumb Code     0  startup_msp432.o(.text)
    DMA_INT1_IRQHandler                      0x000001fb   Thumb Code     0  startup_msp432.o(.text)
    DMA_INT2_IRQHandler                      0x000001fb   Thumb Code     0  startup_msp432.o(.text)
    DMA_INT3_IRQHandler                      0x000001fb   Thumb Code     0  startup_msp432.o(.text)
    EUSCIA0_IRQHandler                       0x000001fb   Thumb Code     0  startup_msp432.o(.text)
    EUSCIA1_IRQHandler                       0x000001fb   Thumb Code     0  startup_msp432.o(.text)
    EUSCIA2_IRQHandler                       0x000001fb   Thumb Code     0  startup_msp432.o(.text)
    EUSCIA3_IRQHandler                       0x000001fb   Thumb Code     0  startup_msp432.o(.text)
    EUSCIB0_IRQHandler                       0x000001fb   Thumb Code     0  startup_msp432.o(.text)
    EUSCIB1_IRQHandler                       0x000001fb   Thumb Code     0  startup_msp432.o(.text)
    EUSCIB2_IRQHandler                       0x000001fb   Thumb Code     0  startup_msp432.o(.text)
    EUSCIB3_IRQHandler                       0x000001fb   Thumb Code     0  startup_msp432.o(.text)
    FLCTL_IRQHandler                         0x000001fb   Thumb Code     0  startup_msp432.o(.text)
    FPU_IRQHandler                           0x000001fb   Thumb Code     0  startup_msp432.o(.text)
    PCM_IRQHandler                           0x000001fb   Thumb Code     0  startup_msp432.o(.text)
    PORT1_IRQHandler                         0x000001fb   Thumb Code     0  startup_msp432.o(.text)
    PORT2_IRQHandler                         0x000001fb   Thumb Code     0  startup_msp432.o(.text)
    PORT3_IRQHandler                         0x000001fb   Thumb Code     0  startup_msp432.o(.text)
    PORT4_IRQHandler                         0x000001fb   Thumb Code     0  startup_msp432.o(.text)
    PORT5_IRQHandler                         0x000001fb   Thumb Code     0  startup_msp432.o(.text)
    PORT6_IRQHandler                         0x000001fb   Thumb Code     0  startup_msp432.o(.text)
    PSS_IRQHandler                           0x000001fb   Thumb Code     0  startup_msp432.o(.text)
    RTC_C_IRQHandler                         0x000001fb   Thumb Code     0  startup_msp432.o(.text)
    T32_INT1_IRQHandler                      0x000001fb   Thumb Code     0  startup_msp432.o(.text)
    T32_INT2_IRQHandler                      0x000001fb   Thumb Code     0  startup_msp432.o(.text)
    T32_INTC_IRQHandler                      0x000001fb   Thumb Code     0  startup_msp432.o(.text)
    TA0_0_IRQHandler                         0x000001fb   Thumb Code     0  startup_msp432.o(.text)
    TA0_N_IRQHandler                         0x000001fb   Thumb Code     0  startup_msp432.o(.text)
    TA1_0_IRQHandler                         0x000001fb   Thumb Code     0  startup_msp432.o(.text)
    TA1_N_IRQHandler                         0x000001fb   Thumb Code     0  startup_msp432.o(.text)
    TA2_0_IRQHandler                         0x000001fb   Thumb Code     0  startup_msp432.o(.text)
    TA2_N_IRQHandler                         0x000001fb   Thumb Code     0  startup_msp432.o(.text)
    TA3_0_IRQHandler                         0x000001fb   Thumb Code     0  startup_msp432.o(.text)
    TA3_N_IRQHandler                         0x000001fb   Thumb Code     0  startup_msp432.o(.text)
    WDT_A_IRQHandler                         0x000001fb   Thumb Code     0  startup_msp432.o(.text)
    DisableInterrupts                        0x00000205   Thumb Code     0  startup_msp432.o(.text)
    EnableInterrupts                         0x00000209   Thumb Code     0  startup_msp432.o(.text)
    StartCritical                            0x0000020d   Thumb Code     0  startup_msp432.o(.text)
    EndCritical                              0x00000215   Thumb Code     0  startup_msp432.o(.text)
    WaitForInterrupt                         0x0000021b   Thumb Code     0  startup_msp432.o(.text)
    __user_initial_stackheap                 0x0000021f   Thumb Code    10  startup_msp432.o(.text)
    __use_two_region_memory                  0x00000235   Thumb Code     2  heapauxi.o(.text)
    __rt_heap_escrow$2region                 0x00000237   Thumb Code     2  heapauxi.o(.text)
    __rt_heap_expand$2region                 0x00000239   Thumb Code     2  heapauxi.o(.text)
    __user_setup_stackheap                   0x0000023b   Thumb Code    74  sys_stackheap_outer.o(.text)
    exit                                     0x00000285   Thumb Code    18  exit.o(.text)
    __user_libspace                          0x00000299   Thumb Code     8  libspace.o(.text)
    __user_perproc_libspace                  0x00000299   Thumb Code     0  libspace.o(.text)
    __user_perthread_libspace                0x00000299   Thumb Code     0  libspace.o(.text)
    _sys_exit                                0x000002a1   Thumb Code     8  sys_exit.o(.text)
    __I$use$semihosting                      0x000002ad   Thumb Code     0  use_no_semi.o(.text)
    __use_no_semihosting_swi                 0x000002ad   Thumb Code     2  use_no_semi.o(.text)
    __semihosting_library_function           0x000002af   Thumb Code     0  indicate_semi.o(.text)
    Clock_Init48MHz                          0x000002b1   Thumb Code   286  clocksystem.o(i.Clock_Init48MHz)
    DAC_Init                                 0x00000401   Thumb Code    42  dac.o(i.DAC_Init)
    DAC_Out                                  0x00000431   Thumb Code    14  dac.o(i.DAC_Out)
    SysTick_Handler                          0x00000445   Thumb Code    46  systickints.o(i.SysTick_Handler)
    SystemInit                               0x0000047d   Thumb Code    16  system_msp432.o(i.SystemInit)
    main                                     0x00000499   Thumb Code    26  periodicsystickints.o(i.main)
    Region$$Table$$Base                      0x000004b4   Number         0  anon$$obj.o(Region$$Table)
    Region$$Table$$Limit                     0x000004d4   Number         0  anon$$obj.o(Region$$Table)
    Counts                                   0x20000000   Data           4  systickints.o(.data)
    Prewait                                  0x20000004   Data           4  clocksystem.o(.data)
    CPMwait                                  0x20000008   Data           4  clocksystem.o(.data)
    Postwait                                 0x2000000c   Data           4  clocksystem.o(.data)
    IFlags                                   0x20000010   Data           4  clocksystem.o(.data)
    Crystalstable                            0x20000014   Data           4  clocksystem.o(.data)
    SystemCoreClock                          0x20000018   Data           4  system_msp432.o(.data)
    __libspace_start                         0x2000001c   Data          96  libspace.o(.bss)
    __temporary_stack_top$libspace           0x2000007c   Data           0  libspace.o(.bss)



==============================================================================

Memory Map of the image

  Image Entry point : 0x000001e1

  Load Region LR_1 (Base: 0x00000000, Size: 0x000004f0, Max: 0xffffffff, ABSOLUTE)

    Execution Region ER_RO (Base: 0x00000000, Size: 0x000004d4, Max: 0xffffffff, ABSOLUTE)

    Base Addr    Size         Type   Attr      Idx    E Section Name        Object

    0x00000000   0x00000144   Data   RO          171    RESET               startup_msp432.o
    0x00000144   0x00000008   Code   RO          216  * !!!main             c_w.l(__main.o)
    0x0000014c   0x00000034   Code   RO          373    !!!scatter          c_w.l(__scatter.o)
    0x00000180   0x0000001a   Code   RO          375    !!handler_copy      c_w.l(__scatter_copy.o)
    0x0000019a   0x00000002   PAD
    0x0000019c   0x0000001c   Code   RO          377    !!handler_zi        c_w.l(__scatter_zi.o)
    0x000001b8   0x00000002   Code   RO          243    .ARM.Collect$$libinit$$00000000  c_w.l(libinit.o)
    0x000001ba   0x00000000   Code   RO          250    .ARM.Collect$$libinit$$00000002  c_w.l(libinit2.o)
    0x000001ba   0x00000000   Code   RO          252    .ARM.Collect$$libinit$$00000004  c_w.l(libinit2.o)
    0x000001ba   0x00000000   Code   RO          255    .ARM.Collect$$libinit$$0000000A  c_w.l(libinit2.o)
    0x000001ba   0x00000000   Code   RO          257    .ARM.Collect$$libinit$$0000000C  c_w.l(libinit2.o)
    0x000001ba   0x00000000   Code   RO          259    .ARM.Collect$$libinit$$0000000E  c_w.l(libinit2.o)
    0x000001ba   0x00000000   Code   RO          262    .ARM.Collect$$libinit$$00000011  c_w.l(libinit2.o)
    0x000001ba   0x00000000   Code   RO          264    .ARM.Collect$$libinit$$00000013  c_w.l(libinit2.o)
    0x000001ba   0x00000000   Code   RO          266    .ARM.Collect$$libinit$$00000015  c_w.l(libinit2.o)
    0x000001ba   0x00000000   Code   RO          268    .ARM.Collect$$libinit$$00000017  c_w.l(libinit2.o)
    0x000001ba   0x00000000   Code   RO          270    .ARM.Collect$$libinit$$00000019  c_w.l(libinit2.o)
    0x000001ba   0x00000000   Code   RO          272    .ARM.Collect$$libinit$$0000001B  c_w.l(libinit2.o)
    0x000001ba   0x00000000   Code   RO          274    .ARM.Collect$$libinit$$0000001D  c_w.l(libinit2.o)
    0x000001ba   0x00000000   Code   RO          276    .ARM.Collect$$libinit$$0000001F  c_w.l(libinit2.o)
    0x000001ba   0x00000000   Code   RO          278    .ARM.Collect$$libinit$$00000021  c_w.l(libinit2.o)
    0x000001ba   0x00000000   Code   RO          280    .ARM.Collect$$libinit$$00000023  c_w.l(libinit2.o)
    0x000001ba   0x00000000   Code   RO          282    .ARM.Collect$$libinit$$00000025  c_w.l(libinit2.o)
    0x000001ba   0x00000000   Code   RO          286    .ARM.Collect$$libinit$$0000002C  c_w.l(libinit2.o)
    0x000001ba   0x00000000   Code   RO          288    .ARM.Collect$$libinit$$0000002E  c_w.l(libinit2.o)
    0x000001ba   0x00000000   Code   RO          290    .ARM.Collect$$libinit$$00000030  c_w.l(libinit2.o)
    0x000001ba   0x00000000   Code   RO          292    .ARM.Collect$$libinit$$00000032  c_w.l(libinit2.o)
    0x000001ba   0x00000002   Code   RO          293    .ARM.Collect$$libinit$$00000033  c_w.l(libinit2.o)
    0x000001bc   0x00000002   Code   RO          313    .ARM.Collect$$libshutdown$$00000000  c_w.l(libshutdown.o)
    0x000001be   0x00000000   Code   RO          326    .ARM.Collect$$libshutdown$$00000002  c_w.l(libshutdown2.o)
    0x000001be   0x00000000   Code   RO          328    .ARM.Collect$$libshutdown$$00000004  c_w.l(libshutdown2.o)
    0x000001be   0x00000000   Code   RO          331    .ARM.Collect$$libshutdown$$00000007  c_w.l(libshutdown2.o)
    0x000001be   0x00000000   Code   RO          334    .ARM.Collect$$libshutdown$$0000000A  c_w.l(libshutdown2.o)
    0x000001be   0x00000000   Code   RO          336    .ARM.Collect$$libshutdown$$0000000C  c_w.l(libshutdown2.o)
    0x000001be   0x00000000   Code   RO          339    .ARM.Collect$$libshutdown$$0000000F  c_w.l(libshutdown2.o)
    0x000001be   0x00000002   Code   RO          340    .ARM.Collect$$libshutdown$$00000010  c_w.l(libshutdown2.o)
    0x000001c0   0x00000000   Code   RO          218    .ARM.Collect$$rtentry$$00000000  c_w.l(__rtentry.o)
    0x000001c0   0x00000000   Code   RO          220    .ARM.Collect$$rtentry$$00000002  c_w.l(__rtentry2.o)
    0x000001c0   0x00000006   Code   RO          232    .ARM.Collect$$rtentry$$00000004  c_w.l(__rtentry4.o)
    0x000001c6   0x00000000   Code   RO          222    .ARM.Collect$$rtentry$$00000009  c_w.l(__rtentry2.o)
    0x000001c6   0x00000004   Code   RO          223    .ARM.Collect$$rtentry$$0000000A  c_w.l(__rtentry2.o)
    0x000001ca   0x00000000   Code   RO          225    .ARM.Collect$$rtentry$$0000000C  c_w.l(__rtentry2.o)
    0x000001ca   0x00000008   Code   RO          226    .ARM.Collect$$rtentry$$0000000D  c_w.l(__rtentry2.o)
    0x000001d2   0x00000002   Code   RO          247    .ARM.Collect$$rtexit$$00000000  c_w.l(rtexit.o)
    0x000001d4   0x00000000   Code   RO          295    .ARM.Collect$$rtexit$$00000002  c_w.l(rtexit2.o)
    0x000001d4   0x00000004   Code   RO          296    .ARM.Collect$$rtexit$$00000003  c_w.l(rtexit2.o)
    0x000001d8   0x00000006   Code   RO          297    .ARM.Collect$$rtexit$$00000004  c_w.l(rtexit2.o)
    0x000001de   0x00000002   PAD
    0x000001e0   0x00000054   Code   RO          172  * .text               startup_msp432.o
    0x00000234   0x00000006   Code   RO          214    .text               c_w.l(heapauxi.o)
    0x0000023a   0x0000004a   Code   RO          234    .text               c_w.l(sys_stackheap_outer.o)
    0x00000284   0x00000012   Code   RO          236    .text               c_w.l(exit.o)
    0x00000296   0x00000002   PAD
    0x00000298   0x00000008   Code   RO          244    .text               c_w.l(libspace.o)
    0x000002a0   0x0000000c   Code   RO          305    .text               c_w.l(sys_exit.o)
    0x000002ac   0x00000002   Code   RO          316    .text               c_w.l(use_no_semi.o)
    0x000002ae   0x00000000   Code   RO          318    .text               c_w.l(indicate_semi.o)
    0x000002ae   0x00000002   PAD
    0x000002b0   0x00000150   Code   RO          126    i.Clock_Init48MHz   clocksystem.o
    0x00000400   0x00000030   Code   RO           94    i.DAC_Init          dac.o
    0x00000430   0x00000014   Code   RO           95    i.DAC_Out           dac.o
    0x00000444   0x00000038   Code   RO            4    i.SysTick_Handler   systickints.o
    0x0000047c   0x0000001c   Code   RO          180    i.SystemInit        system_msp432.o
    0x00000498   0x0000001a   Code   RO           69    i.main              periodicsystickints.o
    0x000004b2   0x00000002   PAD
    0x000004b4   0x00000020   Data   RO          371    Region$$Table       anon$$obj.o


    Execution Region ER_RW (Base: 0x20000000, Size: 0x0000001c, Max: 0xffffffff, ABSOLUTE)

    Base Addr    Size         Type   Attr      Idx    E Section Name        Object

    0x20000000   0x00000004   Data   RW            6    .data               systickints.o
    0x20000004   0x00000014   Data   RW          128    .data               clocksystem.o
    0x20000018   0x00000004   Data   RW          181    .data               system_msp432.o


    Execution Region ER_ZI (Base: 0x2000001c, Size: 0x00000464, Max: 0xffffffff, ABSOLUTE)

    Base Addr    Size         Type   Attr      Idx    E Section Name        Object

    0x2000001c   0x00000060   Zero   RW          245    .bss                c_w.l(libspace.o)
    0x2000007c   0x00000004   PAD
    0x20000080   0x00000000   Zero   RW          170    HEAP                startup_msp432.o
    0x20000080   0x00000400   Zero   RW          169    STACK               startup_msp432.o


==============================================================================

Image component sizes


      Code (inc. data)   RO Data    RW Data    ZI Data      Debug   Object Name

       336         50          0         20          0        902   clocksystem.o
        68         12          0          0          0        781   dac.o
        26          0          0          0          0        459   periodicsystickints.o
        84         20        324          0       1024        876   startup_msp432.o
        28         12          0          4          0        687   system_msp432.o
        56         10          0          4          0       5519   systickints.o

    ----------------------------------------------------------------------
       600        104        356         28       1024       9224   Object Totals
         0          0         32          0          0          0   (incl. Generated)
         2          0          0          0          0          0   (incl. Padding)

    ----------------------------------------------------------------------

      Code (inc. data)   RO Data    RW Data    ZI Data      Debug   Library Member Name

         8          0          0          0          0         68   __main.o
         0          0          0          0          0          0   __rtentry.o
        12          0          0          0          0          0   __rtentry2.o
         6          0          0          0          0          0   __rtentry4.o
        52          8          0          0          0          0   __scatter.o
        26          0          0          0          0          0   __scatter_copy.o
        28          0          0          0          0          0   __scatter_zi.o
        18          0          0          0          0         80   exit.o
         6          0          0          0          0        152   heapauxi.o
         0          0          0          0          0          0   indicate_semi.o
         2          0          0          0          0          0   libinit.o
         2          0          0          0          0          0   libinit2.o
         2          0          0          0          0          0   libshutdown.o
         2          0          0          0          0          0   libshutdown2.o
         8          4          0          0         96         68   libspace.o
         2          0          0          0          0          0   rtexit.o
        10          0          0          0          0          0   rtexit2.o
        12          4          0          0          0         68   sys_exit.o
        74          0          0          0          0         80   sys_stackheap_outer.o
         2          0          0          0          0         68   use_no_semi.o

    ----------------------------------------------------------------------
       280         16          0          0        100        584   Library Totals
         8          0          0          0          4          0   (incl. Padding)

    ----------------------------------------------------------------------

      Code (inc. data)   RO Data    RW Data    ZI Data      Debug   Library Name

       272         16          0          0         96        584   c_w.l

    ----------------------------------------------------------------------
       280         16          0          0        100        584   Library Totals

    ----------------------------------------------------------------------

==============================================================================


      Code (inc. data)   RO Data    RW Data    ZI Data      Debug   

       880        120        356         28       1124       9492   Grand Totals
       880        120        356         28       1124       9492   ELF Image Totals
       880        120        356         28          0          0   ROM Totals

==============================================================================

    Total RO  Size (Code + RO Data)                 1236 (   1.21kB)
    Total RW  Size (RW Data + ZI Data)              1152 (   1.13kB)
    Total ROM Size (Code + RO Data + RW Data)       1264 (   1.23kB)

==============================================================================

